[
  {
    "equipe": {
      "nom": "PSG"
    },
    "v": 6, "n": 0, "d": 0, "bp": 19, "bc": 5, "mj": 6, "pts": 18, "diff": 14
  },
  {
    "equipe": {
      "nom": "ASSE"
    },
    "v": 2, "n": 2, "d": 2, "bp": 7, "bc": 10, "mj": 6, "pts": 8, "diff": -3
  },
  {
    "equipe": {
      "nom": "OL"
    },
    "v": 0, "n": 3, "d": 3, "bp": 8, "bc": 13, "mj": 6, "pts": 3, "diff": -5
  },
  {
    "equipe": {
      "nom": "OM"
    },
    "v": 0, "n": 3, "d": 3, "bp": 4, "bc": 10, "mj": 6, "pts": 3, "diff": -6
  }
]
