[
  {
    "joueur": {
      "id": $LAST_JOUEUR_ID,
      "nom": "Ronaldo",
      "prenom": "Cristiano",
      "dateNaissance": "02/05/1985",
      "poste": "ATT",
      "taille": 187,
      "poids": 84,
      "nationalite": "Portugais"
    },
    "nbButs": 6,
    "nbPasses": 2,
    "nbMatchs": 2,
    "nbCartonsJaunes": 0,
    "nbCartonsRouges": 0,
    "ratioBut": 3.0
  }
]
