[
  {
    "nom": "Ligue 1 Conforama",
    "id": $LAST_CHAMPIONNAT_ID
  }
]
